// Jest Snapshot v1, https://goo.gl/fbAQLP

exports[`<RecentAppsSettings /> Tests should render correctly and match snapshot 1`] = `
[
  <View
    style={
      {
        "flexDirection": "row",
        "justifyContent": "space-between",
      }
    }
  >
    <View
      style={
        [
          {
            "padding": 10,
          },
          undefined,
        ]
      }
    >
      <Text
        style={
          [
            {
              "color": "#808080",
            },
            undefined,
          ]
        }
      >
        Display
      </Text>
    </View>
    <RCTSwitch
      accessibilityRole="switch"
      onChange={[Function]}
      onResponderTerminationRequest={[Function]}
      onStartShouldSetResponder={[Function]}
      onTintColor="#e5e5e5"
      style={
        {
          "height": 31,
          "width": 51,
        }
      }
      testID="settings-bottom-display-recent-apps-switch"
      thumbTintColor="#42855B"
      tintColor="#e5e5e5"
      value={true}
    />
  </View>,
  <View
    style={
      {
        "flexDirection": "row",
        "justifyContent": "space-between",
      }
    }
  >
    <View
      accessibilityState={
        {
          "busy": undefined,
          "checked": undefined,
          "disabled": undefined,
          "expanded": undefined,
          "selected": undefined,
        }
      }
      accessibilityValue={
        {
          "max": undefined,
          "min": undefined,
          "now": undefined,
          "text": undefined,
        }
      }
      accessible={true}
      collapsable={false}
      focusable={true}
      onBlur={[Function]}
      onClick={[Function]}
      onFocus={[Function]}
      onResponderGrant={[Function]}
      onResponderMove={[Function]}
      onResponderRelease={[Function]}
      onResponderTerminate={[Function]}
      onResponderTerminationRequest={[Function]}
      onStartShouldSetResponder={[Function]}
      style={
        {
          "alignItems": "center",
          "flex": 1,
          "flexDirection": "row",
          "justifyContent": "space-between",
        }
      }
      testID="advanced-settings-clear-recent-apps-button"
    >
      <View
        style={
          [
            {
              "padding": 10,
            },
            undefined,
          ]
        }
      >
        <Text
          style={
            [
              {
                "color": "#808080",
              },
              undefined,
            ]
          }
        >
          Clear
        </Text>
      </View>
    </View>
  </View>,
]
`;
