// Jest Snapshot v1, https://goo.gl/fbAQLP

exports[`<SettingsBottomSheet /> Tests should render correctly and match snapshot 1`] = `
<View>
  <View
    snapPoints={
      [
        "25%",
        "50%",
        "75%",
        "95%",
      ]
    }
    style={
      {
        "marginHorizontal": 5,
      }
    }
  >
    <View
      style={
        {
          "paddingHorizontal": 10,
        }
      }
      testID="settings-bottom-sheet-wrapper"
    >
      <View
        style={
          {
            "alignItems": "center",
            "flexDirection": "row",
            "justifyContent": "space-between",
            "paddingBottom": 20,
          }
        }
        testID="settings-bottom-sheet-header-wrapper"
      >
        <Text
          style={
            {
              "color": "#808080",
              "fontSize": 20,
              "fontWeight": "400",
            }
          }
        >
          Context Settings
          <Text
            style={
              {
                "color": "#ccc",
                "fontSize": 12,
              }
            }
          >
              v
            1.4.8
             (
            12
            )
          </Text>
        </Text>
        <View
          accessibilityState={
            {
              "busy": undefined,
              "checked": undefined,
              "disabled": undefined,
              "expanded": undefined,
              "selected": undefined,
            }
          }
          accessibilityValue={
            {
              "max": undefined,
              "min": undefined,
              "now": undefined,
              "text": undefined,
            }
          }
          accessible={true}
          collapsable={false}
          focusable={true}
          onBlur={[Function]}
          onClick={[Function]}
          onFocus={[Function]}
          onResponderGrant={[Function]}
          onResponderMove={[Function]}
          onResponderRelease={[Function]}
          onResponderTerminate={[Function]}
          onResponderTerminationRequest={[Function]}
          onStartShouldSetResponder={[Function]}
          testID="settings-bottom-sheet-header-app-info-button"
        >
          <Text
            allowFontScaling={false}
            selectable={false}
            style={
              [
                {
                  "color": "#808080",
                  "fontSize": 34,
                },
                undefined,
                {
                  "fontFamily": "Material Design Icons",
                  "fontStyle": "normal",
                  "fontWeight": "normal",
                },
                {},
              ]
            }
          >
            󰋽
          </Text>
        </View>
      </View>
      <View
        style={
          {
            "borderRadius": 5,
          }
        }
      >
        <View
          accessibilityState={
            {
              "busy": undefined,
              "checked": undefined,
              "disabled": undefined,
              "expanded": undefined,
              "selected": undefined,
            }
          }
          accessibilityValue={
            {
              "max": undefined,
              "min": undefined,
              "now": undefined,
              "text": undefined,
            }
          }
          accessible={true}
          collapsable={false}
          focusable={true}
          onBlur={[Function]}
          onClick={[Function]}
          onFocus={[Function]}
          onResponderGrant={[Function]}
          onResponderMove={[Function]}
          onResponderRelease={[Function]}
          onResponderTerminate={[Function]}
          onResponderTerminationRequest={[Function]}
          onStartShouldSetResponder={[Function]}
          style={
            {
              "alignItems": "center",
              "flexDirection": "row",
              "justifyContent": "space-between",
            }
          }
          testID="settings-bottom-toggle-advanced-settings-button"
        >
          <View
            style={
              [
                {
                  "padding": 10,
                },
                undefined,
              ]
            }
          >
            <Text
              style={
                [
                  {
                    "color": "#808080",
                  },
                  [],
                ]
              }
            >
              Recent Apps
            </Text>
          </View>
          <Text
            allowFontScaling={false}
            selectable={false}
            style={
              [
                {
                  "color": "#808080",
                  "fontSize": 30,
                },
                undefined,
                {
                  "fontFamily": "Material Design Icons",
                  "fontStyle": "normal",
                  "fontWeight": "normal",
                },
                {},
              ]
            }
          >
            󰅀
          </Text>
        </View>
      </View>
      <View
        style={
          {
            "borderRadius": 5,
          }
        }
      >
        <View
          accessibilityState={
            {
              "busy": undefined,
              "checked": undefined,
              "disabled": undefined,
              "expanded": undefined,
              "selected": undefined,
            }
          }
          accessibilityValue={
            {
              "max": undefined,
              "min": undefined,
              "now": undefined,
              "text": undefined,
            }
          }
          accessible={true}
          collapsable={false}
          focusable={true}
          onBlur={[Function]}
          onClick={[Function]}
          onFocus={[Function]}
          onResponderGrant={[Function]}
          onResponderMove={[Function]}
          onResponderRelease={[Function]}
          onResponderTerminate={[Function]}
          onResponderTerminationRequest={[Function]}
          onStartShouldSetResponder={[Function]}
          style={
            {
              "alignItems": "center",
              "flexDirection": "row",
              "justifyContent": "space-between",
            }
          }
          testID="settings-bottom-toggle-advanced-settings-button"
        >
          <View
            style={
              [
                {
                  "padding": 10,
                },
                undefined,
              ]
            }
          >
            <Text
              style={
                [
                  {
                    "color": "#808080",
                  },
                  [],
                ]
              }
            >
              Pinned Apps
            </Text>
          </View>
          <Text
            allowFontScaling={false}
            selectable={false}
            style={
              [
                {
                  "color": "#808080",
                  "fontSize": 30,
                },
                undefined,
                {
                  "fontFamily": "Material Design Icons",
                  "fontStyle": "normal",
                  "fontWeight": "normal",
                },
                {},
              ]
            }
          >
            󰅀
          </Text>
        </View>
      </View>
      <View
        style={
          {
            "borderRadius": 5,
          }
        }
      >
        <View
          accessibilityState={
            {
              "busy": undefined,
              "checked": undefined,
              "disabled": undefined,
              "expanded": undefined,
              "selected": undefined,
            }
          }
          accessibilityValue={
            {
              "max": undefined,
              "min": undefined,
              "now": undefined,
              "text": undefined,
            }
          }
          accessible={true}
          collapsable={false}
          focusable={true}
          onBlur={[Function]}
          onClick={[Function]}
          onFocus={[Function]}
          onResponderGrant={[Function]}
          onResponderMove={[Function]}
          onResponderRelease={[Function]}
          onResponderTerminate={[Function]}
          onResponderTerminationRequest={[Function]}
          onStartShouldSetResponder={[Function]}
          style={
            {
              "alignItems": "center",
              "flexDirection": "row",
              "justifyContent": "space-between",
            }
          }
          testID="settings-bottom-toggle-advanced-settings-button"
        >
          <View
            style={
              [
                {
                  "padding": 10,
                },
                undefined,
              ]
            }
          >
            <Text
              style={
                [
                  {
                    "color": "#808080",
                  },
                  [],
                ]
              }
            >
              Favorite Apps
            </Text>
          </View>
          <Text
            allowFontScaling={false}
            selectable={false}
            style={
              [
                {
                  "color": "#808080",
                  "fontSize": 30,
                },
                undefined,
                {
                  "fontFamily": "Material Design Icons",
                  "fontStyle": "normal",
                  "fontWeight": "normal",
                },
                {},
              ]
            }
          >
            󰅀
          </Text>
        </View>
      </View>
      <View
        style={
          {
            "borderRadius": 5,
          }
        }
      >
        <View
          accessibilityState={
            {
              "busy": undefined,
              "checked": undefined,
              "disabled": undefined,
              "expanded": undefined,
              "selected": undefined,
            }
          }
          accessibilityValue={
            {
              "max": undefined,
              "min": undefined,
              "now": undefined,
              "text": undefined,
            }
          }
          accessible={true}
          collapsable={false}
          focusable={true}
          onBlur={[Function]}
          onClick={[Function]}
          onFocus={[Function]}
          onResponderGrant={[Function]}
          onResponderMove={[Function]}
          onResponderRelease={[Function]}
          onResponderTerminate={[Function]}
          onResponderTerminationRequest={[Function]}
          onStartShouldSetResponder={[Function]}
          style={
            {
              "alignItems": "center",
              "flexDirection": "row",
              "justifyContent": "space-between",
            }
          }
          testID="settings-bottom-toggle-advanced-settings-button"
        >
          <View
            style={
              [
                {
                  "padding": 10,
                },
                undefined,
              ]
            }
          >
            <Text
              style={
                [
                  {
                    "color": "#808080",
                  },
                  [],
                ]
              }
            >
              Advanced Settings
            </Text>
          </View>
          <Text
            allowFontScaling={false}
            selectable={false}
            style={
              [
                {
                  "color": "#808080",
                  "fontSize": 30,
                },
                undefined,
                {
                  "fontFamily": "Material Design Icons",
                  "fontStyle": "normal",
                  "fontWeight": "normal",
                },
                {},
              ]
            }
          >
            󰅀
          </Text>
        </View>
      </View>
    </View>
  </View>
</View>
`;
